// Jest Snapshot v1, https://goo.gl/fbAQLP

exports[`Checkbox should match snapshot 1`] = `
<div
  className="sc-beqWaB fvYjOV"
>
  <label>
    0
  </label>
  <input
    checked={false}
    onChange={[Function]}
    type="checkbox"
  />
</div>
`;
