// Jest Snapshot v1, https://goo.gl/fbAQLP

exports[`Header should match snapshot 1`] = `
<div
  className="sc-beqWaB hgkBcK"
>
  Giga Techspace coding challenge
</div>
`;
